Trying dependencies-only mode on a non-existing device tree?

============================================
PLATFORM_VERSION_CODENAME=REL
PLATFORM_VERSION=11
TARGET_PRODUCT=halium_RMX1901
TARGET_BUILD_VARIANT=userdebug
TARGET_BUILD_TYPE=release
TARGET_ARCH=arm64
TARGET_ARCH_VARIANT=armv8-2a
TARGET_CPU_VARIANT=generic
TARGET_2ND_ARCH=arm
TARGET_2ND_ARCH_VARIANT=armv8-a
TARGET_2ND_CPU_VARIANT=generic
HOST_ARCH=x86_64
HOST_2ND_ARCH=x86
HOST_OS=linux
HOST_OS_EXTRA=Linux-7.1.3-2-cachyos-x86_64-CachyOS
HOST_CROSS_OS=windows
HOST_CROSS_ARCH=x86
HOST_CROSS_2ND_ARCH=x86_64
HOST_BUILD_TYPE=release
BUILD_ID=RQ3A.211001.001
OUT_DIR=out
PRODUCT_SOONG_NAMESPACES=vendor/realme/RMX1901 device/realme/RMX1901 vendor/qcom/opensource/usb/etc hardware/qcom-caf/sdm845 hardware/google/interfaces hardware/google/pixel/pixelstats hardware/google/pixel/power-libperfmgr hardware/qcom-caf/common/libqti-perfd-client hardware/nxp
============================================
