01:59:45 ************************************************************
01:59:45 You are building on a machine with 15.2GB of RAM
01:59:45
01:59:45 The minimum required amount of free memory is around 16GB,
01:59:45 and even with that, some configurations may not work.
01:59:45
01:59:45 If you run into segfaults or other errors, try reducing your
01:59:45 -j value.
01:59:45 ************************************************************
============================================
PLATFORM_VERSION_CODENAME=REL
PLATFORM_VERSION=11
TARGET_PRODUCT=halium_RMX1901
TARGET_BUILD_VARIANT=userdebug
TARGET_BUILD_TYPE=release
TARGET_ARCH=arm64
TARGET_ARCH_VARIANT=armv8-2a
TARGET_CPU_VARIANT=generic
TARGET_2ND_ARCH=arm
TARGET_2ND_ARCH_VARIANT=armv8-a
TARGET_2ND_CPU_VARIANT=generic
HOST_ARCH=x86_64
HOST_2ND_ARCH=x86
HOST_OS=linux
HOST_OS_EXTRA=Linux-7.1.3-2-cachyos-x86_64-CachyOS
HOST_CROSS_OS=windows
HOST_CROSS_ARCH=x86
HOST_CROSS_2ND_ARCH=x86_64
HOST_BUILD_TYPE=release
BUILD_ID=RQ3A.211001.001
OUT_DIR=out
PRODUCT_SOONG_NAMESPACES=vendor/realme/RMX1901 device/realme/RMX1901 vendor/qcom/opensource/usb/etc hardware/qcom-caf/sdm845 hardware/google/interfaces hardware/google/pixel/pixelstats hardware/google/pixel/power-libperfmgr hardware/qcom-caf/common/libqti-perfd-client hardware/nxp hardware/qcom-caf/sdm845 vendor/qcom/opensource/commonsys-intf/display vendor/qcom/opensource/data-ipa-cfg-mgr vendor/qcom/opensource/dataservices packages/apps/Bluetooth
============================================
ninja: no work to do.
ninja: no work to do.
No need to regenerate ninja file
No need to regenerate ninja file
No need to regenerate ninja file
Starting ninja...
[100% 1/1] Successfully read the makefiles.

#### build completed successfully (4 seconds) ####
